Executing 10_visualize_results.ipynb with papermill
Parameters: {
  "run_id": "ff65ae5c-f636-4122-9894-971278e5e4d2",
  "artifacts_dir": "/home/adnoman/projects/aml_gan/AMLend2end/artifacts/runs/ff65ae5c-f636-4122-9894-971278e5e4d2",
  "sample_size": null,
  "epochs": null,
  "threshold": null
}
Timeout: 1800s
--------------------------------------------------
2026-02-02 16:53:52.277361: I tensorflow/core/util/port.cc:153] oneDNN custom operations are on. You may see slightly different numerical results due to floating-point round-off errors from different computation orders. To turn them off, set the environment variable `TF_ENABLE_ONEDNN_OPTS=0`.
2026-02-02 16:53:52.319535: I tensorflow/core/platform/cpu_feature_guard.cc:210] This TensorFlow binary is optimized to use available CPU instructions in performance-critical operations.
To enable the following instructions: AVX2 AVX_VNNI FMA, in other operations, rebuild TensorFlow with the appropriate compiler flags.
2026-02-02 16:53:53.348289: I tensorflow/core/util/port.cc:153] oneDNN custom operations are on. You may see slightly different numerical results due to floating-point round-off errors from different computation orders. To turn them off, set the environment variable `TF_ENABLE_ONEDNN_OPTS=0`.
Libraries loaded successfully!
Loaded 438386 edges (transactions)
Edge columns: ['source', 'target', 'tran_id', 'tx_type', 'base_amt']
Loaded 7347 nodes (parties)
Node columns: ['id', 'type']
Loaded 7347 node embeddings
WARNING: All log messages before absl::InitializeLog() is called are written to STDERR
I0000 00:00:1770033234.043828  118961 gpu_device.cc:2020] Created device /job:localhost/replica:0/task:0/device:GPU:0 with 9511 MB memory:  -> device: 0, name: NVIDIA GeForce RTX 4080 Laptop GPU, pci bus id: 0000:01:00.0, compute capability: 8.9
Model loaded from: /home/adnoman/projects/aml_gan/AMLend2end/models/gan_anomaly_5f5ae592
Anomaly threshold: 0.000152
2026-02-02 16:53:54.913782: I external/local_xla/xla/service/service.cc:163] XLA service 0x743fec002c50 initialized for platform CUDA (this does not guarantee that XLA will be used). Devices:
2026-02-02 16:53:54.913807: I external/local_xla/xla/service/service.cc:171]   StreamExecutor device (0): NVIDIA GeForce RTX 4080 Laptop GPU, Compute Capability 8.9
2026-02-02 16:53:54.917769: I tensorflow/compiler/mlir/tensorflow/utils/dump_mlir_util.cc:269] disabling MLIR crash reproducer, set env var `MLIR_CRASH_REPRODUCER_DIRECTORY` to enable.
2026-02-02 16:53:54.937731: I external/local_xla/xla/stream_executor/cuda/cuda_dnn.cc:473] Loaded cuDNN version 91801
I0000 00:00:1770033235.379620  119189 device_compiler.h:196] Compiled cluster using XLA!  This line is logged at most once for the lifetime of the process.
Anomaly scores computed!
Score range: [0.000109, 0.000473]
Threshold: 0.000152
Graph Statistics:
  Nodes: 7347
  Edges: 17070
  Density: 0.0003
  Is connected: False
  Number of connected components: 5
Transaction Amount Statistics:
==================================================
Total transactions: 438,386
Total transaction value: $242,434,979.01
Average transaction: $553.02
Median transaction: $549.36
Min transaction: $43.32
Max transaction: $2,995.02
==================================================
Money Flow Statistics:
==================================================
Total money volume: $242,434,979.01
Avg volume per node: $65,995.64
Max volume (single node): $452,657.49
==================================================
Money Flow Comparison: Anomalous vs Normal Nodes
============================================================
Metric                               Anomalous          Normal
------------------------------------------------------------
Node Count                               7,304              43
Total Volume ($)                   482,323,481       2,546,477
Avg Volume per Node ($)                 66,036          59,220
Avg Transactions per Node                119.4           107.3
Avg Outgoing ($)                        32,963          38,959
Avg Incoming ($)                        33,073          20,261
============================================================
/tmp/ipykernel_118961/2618099287.py:21: MatplotlibDeprecationWarning: The 'labels' parameter of boxplot() has been renamed 'tick_labels' since Matplotlib 3.9; support for the old name will be dropped in 3.11.
  bp1 = axes[0].boxplot([anomalous_money['total_volume'], normal_money['total_volume']],
/tmp/ipykernel_118961/2618099287.py:29: MatplotlibDeprecationWarning: The 'labels' parameter of boxplot() has been renamed 'tick_labels' since Matplotlib 3.9; support for the old name will be dropped in 3.11.
  bp2 = axes[1].boxplot([anomalous_money['total_transactions'], normal_money['total_transactions']],
Top 20 Suspicious Nodes by Transaction Volume:
================================================================================
      id  is_sar  total_volume  outgoing_amt  incoming_amt  total_transactions  anomaly_score
acd60eca       1     452657.49     157742.99     294914.50               830.0       0.000305
bdc39a68       0     292824.40     102375.41     190448.99               514.0       0.000257
53f24d0d       0     278756.55     112136.50     166620.05               495.0       0.000355
fb1904f6       0     253570.47      64382.92     189187.55               455.0       0.000321
e16513a0       0     252343.79      81579.36     170764.43               447.0       0.000345
e67f35bf       1     249010.29      73083.21     175927.08               411.0       0.000291
d195d055       0     248172.50      56284.56     191887.94               447.0       0.000333
ae3db659       0     247879.20      73883.96     173995.24               451.0       0.000376
c9b585a4       1     242782.31      77358.96     165423.35               413.0       0.000333
70c0832b       0     241588.35      50993.64     190594.71               431.0       0.000224
5cc91626       1     240474.30      29973.81     210500.49               442.0       0.000279
f1e2963b       0     237915.77     100540.59     137375.18               437.0       0.000235
261e862d       0     237837.47      76673.58     161163.89               433.0       0.000298
80b50abc       1     232887.29      45628.58     187258.71               412.0       0.000345
78bf8afb       1     227858.33      48998.65     178859.68               402.0       0.000373
66e36266       0     225776.79      86780.37     138996.42               407.0       0.000269
2f074149       0     224045.19          0.00     224045.19               411.0       0.000332
3a96ae50       0     222654.66      54780.13     167874.53               411.0       0.000314
8a6e7b86       0     220566.87      56929.59     163637.28               405.0       0.000246
c3f6a8a8       0     220079.83      89268.65     130811.18               388.0       0.000257
\nTotal money flowing through suspicious nodes: $241,161,740.46
Money Flow Network Visualization:
  Nodes: 97
  Edges: 31

Top 10 nodes by total degree:
  acd60eca: 47
  5cc91626: 31
  6c19333b: 27
  53f24d0d: 23
  0ea0d658: 23
  8a70f08a: 22
  e6465074: 20
  86687c66: 19
  bca39b70: 18
  b0fe7e18: 18
/tmp/ipykernel_118961/1422505265.py:17: MatplotlibDeprecationWarning: The 'labels' parameter of boxplot() has been renamed 'tick_labels' since Matplotlib 3.9; support for the old name will be dropped in 3.11.
  bp = axes[1].boxplot([sar_0, sar_1], labels=['Normal (is_sar=0)', 'SAR (is_sar=1)'], patch_artist=True)
==================================================
ANOMALY DETECTION SUMMARY
==================================================
Total nodes analyzed: 7347
Anomalies detected:   7304 (99.4%)
Normal nodes:         43 (0.6%)

Anomaly threshold:    0.000152
Mean anomaly score:   0.000276
Median anomaly score: 0.000275
Std anomaly score:    0.000052
==================================================

SAR Labels in data:   816
SAR detected as anomaly: 811 (99.4%)
Graph too large (7347 nodes), sampling 500 nodes...
Visualization subgraph: 500 nodes, 465 edges
Computing graph layout (this may take a moment)...
Graph saved to: /home/adnoman/projects/aml_gan/AMLend2end/output/transaction_network.png
Top 20 Most Anomalous Nodes:
============================================================
      id  is_sar  anomaly_score  is_anomaly
53f7bb0f       0       0.000473        True
2157126f       0       0.000456        True
bdf4f899       0       0.000445        True
eb8d4f6e       0       0.000443        True
7af74c0c       0       0.000440        True
7c6555bf       0       0.000439        True
2109c701       0       0.000438        True
2f809b0a       1       0.000436        True
0f117894       0       0.000435        True
cfbebda8       0       0.000433        True
85d9870e       0       0.000430        True
33ee9dbf       0       0.000429        True
96bb9bc9       0       0.000429        True
f28b223b       0       0.000427        True
caf2ff53       0       0.000426        True
6b66c167       0       0.000425        True
2aa88cb3       0       0.000425        True
456585db       0       0.000424        True
0e746fef       0       0.000424        True
f1f4d5f7       0       0.000423        True

Subgraph around top anomaly '53f7bb0f':
  Nodes: 11
  Edges: 10

======================================================================
 AML ANOMALY DETECTION - VISUALIZATION REPORT 
======================================================================

            Graph Statistics            
----------------------------------------
  Total Nodes:          7,347
  Total Edges:          17,070
  Graph Density:        0.000316
  Avg Degree:           4.65

      Transaction Value Statistics      
----------------------------------------
  Total Transactions:   438,386
  Total Value:          $242,434,979.01
  Average Transaction:  $553.02
  Max Transaction:      $2,995.02

       Anomaly Detection Results        
----------------------------------------
  Nodes Analyzed:       7,347
  Anomalies Detected:   7,304 (99.4%)
  Detection Threshold:  0.000152
  Max Anomaly Score:    0.000473

         Suspicious Money Flow          
----------------------------------------
  Suspicious Volume:    $241,161,740.46
  % of Total Volume:    99.5%
  Avg per Suspicious:   $66,035.53

              Output Files              
----------------------------------------
  - degree_distribution.png
  - anomaly_distribution.png
  - transaction_network.png
  - top_anomalies.png
  - top_anomaly_neighborhood.png
  - transaction_amounts.png
  - money_flow_comparison.png
  - top_suspicious_by_volume.png
  - money_flow_network.png

======================================================================
 VISUALIZATION COMPLETE! 
======================================================================
--------------------------------------------------
Execution completed successfully
