Executing 9_aml_model_server.ipynb with papermill
Parameters: {
  "run_id": "ff65ae5c-f636-4122-9894-971278e5e4d2",
  "artifacts_dir": "/home/adnoman/projects/aml_gan/AMLend2end/artifacts/runs/ff65ae5c-f636-4122-9894-971278e5e4d2",
  "sample_size": null,
  "epochs": null,
  "threshold": null
}
Timeout: 1800s
--------------------------------------------------
2026-02-02 16:53:45.173789: I tensorflow/core/util/port.cc:153] oneDNN custom operations are on. You may see slightly different numerical results due to floating-point round-off errors from different computation orders. To turn them off, set the environment variable `TF_ENABLE_ONEDNN_OPTS=0`.
2026-02-02 16:53:45.215824: I tensorflow/core/platform/cpu_feature_guard.cc:210] This TensorFlow binary is optimized to use available CPU instructions in performance-critical operations.
To enable the following instructions: AVX2 AVX_VNNI FMA, in other operations, rebuild TensorFlow with the appropriate compiler flags.
2026-02-02 16:53:46.215810: I tensorflow/core/util/port.cc:153] oneDNN custom operations are on. You may see slightly different numerical results due to floating-point round-off errors from different computation orders. To turn them off, set the environment variable `TF_ENABLE_ONEDNN_OPTS=0`.
TensorFlow version: 2.20.0
Found model: /home/adnoman/projects/aml_gan/AMLend2end/models/gan_anomaly_5f5ae592
WARNING: All log messages before absl::InitializeLog() is called are written to STDERR
I0000 00:00:1770033227.096914  117526 gpu_device.cc:2020] Created device /job:localhost/replica:0/task:0/device:GPU:0 with 9511 MB memory:  -> device: 0, name: NVIDIA GeForce RTX 4080 Laptop GPU, pci bus id: 0000:01:00.0, compute capability: 8.9
Loaded model from: /home/adnoman/projects/aml_gan/AMLend2end/models/gan_anomaly_5f5ae592/anomaly_detector.keras
Anomaly threshold: 0.000152
Model metrics: {'auc': 0.511297575648469, 'optimal_threshold': 0.0001518621790494993, 'final_loss': 0.0002759908966254443}
Hyperparameters: {'latent_dim': 8, 'n_layers': 2, 'activation': 'relu', 'dropout_rate': 0.0, 'learning_rate': 0.0001}
Loaded 7347 node embeddings
Embedding dimensions: 32
Sample node IDs: ['3aa9646b', '1e46e726', '49203bc3', 'a74d1101', '616d4505', '99af2455', '39be1ea2', 'e7ec7bdb', 'e2e0d938', 'afc399a9', '75c9a805', 'd7a317f6', 'c14f4989']
Running anomaly detection on sample nodes...
============================================================
2026-02-02 16:53:48.147774: I external/local_xla/xla/service/service.cc:163] XLA service 0x7bcfd00037f0 initialized for platform CUDA (this does not guarantee that XLA will be used). Devices:
2026-02-02 16:53:48.147801: I external/local_xla/xla/service/service.cc:171]   StreamExecutor device (0): NVIDIA GeForce RTX 4080 Laptop GPU, Compute Capability 8.9
2026-02-02 16:53:48.152389: I tensorflow/compiler/mlir/tensorflow/utils/dump_mlir_util.cc:269] disabling MLIR crash reproducer, set env var `MLIR_CRASH_REPRODUCER_DIRECTORY` to enable.
2026-02-02 16:53:48.172112: I external/local_xla/xla/stream_executor/cuda/cuda_dnn.cc:473] Loaded cuDNN version 91801
I0000 00:00:1770033228.325465  117709 device_compiler.h:196] Compiled cluster using XLA!  This line is logged at most once for the lifetime of the process.
🚨 ALERT | Node: 3aa9646b | Score: 0.000325 | POTENTIAL SAR
🚨 ALERT | Node: 1e46e726 | Score: 0.000335 | POTENTIAL SAR
🚨 ALERT | Node: 49203bc3 | Score: 0.000300 | POTENTIAL SAR
🚨 ALERT | Node: a74d1101 | Score: 0.000213 | POTENTIAL SAR
🚨 ALERT | Node: 616d4505 | Score: 0.000204 | POTENTIAL SAR
🚨 ALERT | Node: 99af2455 | Score: 0.000330 | POTENTIAL SAR
🚨 ALERT | Node: 39be1ea2 | Score: 0.000198 | POTENTIAL SAR
🚨 ALERT | Node: e7ec7bdb | Score: 0.000252 | POTENTIAL SAR
🚨 ALERT | Node: e2e0d938 | Score: 0.000303 | POTENTIAL SAR
🚨 ALERT | Node: afc399a9 | Score: 0.000286 | POTENTIAL SAR
🚨 ALERT | Node: 75c9a805 | Score: 0.000327 | POTENTIAL SAR
🚨 ALERT | Node: d7a317f6 | Score: 0.000248 | POTENTIAL SAR
🚨 ALERT | Node: c14f4989 | Score: 0.000272 | POTENTIAL SAR
============================================================

Running on all nodes...

Total nodes: 7347
Anomalies detected: 7304
Normal nodes: 43

Top 10 Most Anomalous Nodes:
      id  is_sar  anomaly_score  is_anomaly
53f7bb0f       0       0.000473        True
2157126f       0       0.000456        True
bdf4f899       0       0.000445        True
eb8d4f6e       0       0.000443        True
7af74c0c       0       0.000440        True
7c6555bf       0       0.000439        True
2109c701       0       0.000438        True
2f809b0a       1       0.000436        True
0f117894       0       0.000435        True
cfbebda8       0       0.000433        True

==================================================
Anomaly Detection Complete!
==================================================
--------------------------------------------------
Execution completed successfully
