Executing 12_aml_pattern_analysis.ipynb with papermill
Parameters: {
  "run_id": "28b2de94-0f48-40bf-92ca-85995e1ba8da",
  "artifacts_dir": "/home/adnoman/projects/aml_gan/AMLend2end/artifacts/runs/28b2de94-0f48-40bf-92ca-85995e1ba8da",
  "sample_size": null,
  "epochs": null,
  "threshold": null
}
Timeout: 1800s
--------------------------------------------------
2026-02-02 17:19:39.902803: I tensorflow/core/util/port.cc:153] oneDNN custom operations are on. You may see slightly different numerical results due to floating-point round-off errors from different computation orders. To turn them off, set the environment variable `TF_ENABLE_ONEDNN_OPTS=0`.
2026-02-02 17:19:39.947640: I tensorflow/core/platform/cpu_feature_guard.cc:210] This TensorFlow binary is optimized to use available CPU instructions in performance-critical operations.
To enable the following instructions: AVX2 AVX_VNNI FMA, in other operations, rebuild TensorFlow with the appropriate compiler flags.
Setup complete!
2026-02-02 17:19:40.710425: I tensorflow/core/util/port.cc:153] oneDNN custom operations are on. You may see slightly different numerical results due to floating-point round-off errors from different computation orders. To turn them off, set the environment variable `TF_ENABLE_ONEDNN_OPTS=0`.
WARNING: All log messages before absl::InitializeLog() is called are written to STDERR
I0000 00:00:1770034781.214414  140124 gpu_device.cc:2020] Created device /job:localhost/replica:0/task:0/device:GPU:0 with 9511 MB memory:  -> device: 0, name: NVIDIA GeForce RTX 4080 Laptop GPU, pci bus id: 0000:01:00.0, compute capability: 8.9
2026-02-02 17:19:41.976642: I external/local_xla/xla/service/service.cc:163] XLA service 0x7e6760014b40 initialized for platform CUDA (this does not guarantee that XLA will be used). Devices:
2026-02-02 17:19:41.976667: I external/local_xla/xla/service/service.cc:171]   StreamExecutor device (0): NVIDIA GeForce RTX 4080 Laptop GPU, Compute Capability 8.9
2026-02-02 17:19:41.981307: I tensorflow/compiler/mlir/tensorflow/utils/dump_mlir_util.cc:269] disabling MLIR crash reproducer, set env var `MLIR_CRASH_REPRODUCER_DIRECTORY` to enable.
2026-02-02 17:19:41.999589: I external/local_xla/xla/stream_executor/cuda/cuda_dnn.cc:473] Loaded cuDNN version 91801
I0000 00:00:1770034782.374024  140402 device_compiler.h:196] Compiled cluster using XLA!  This line is logged at most once for the lifetime of the process.
Loaded 438,386 transactions, 7,347 nodes
Anomalies: 7,266 (98.9%)
Created 29 features for 7347 nodes
================================================================================
 AMOUNT PATTERN ANALYSIS: Suspicious vs Normal Nodes
================================================================================

Feature                      Suspicious Mean        Normal Mean      Ratio      P-value
--------------------------------------------------------------------------------
total_volume              $        66,063.39 $        59,917.83      1.10x     0.3837 
avg_txn_size              $        12,328.14 $        12,775.73      0.96x     0.7806 
out_mean                  $           486.05 $           531.18      0.92x     0.2592 
in_mean                   $           504.16 $           432.29      1.17x     0.0025 **
out_max                   $           913.93 $           901.92      1.01x     0.4245 
in_max                    $           974.39 $           821.10      1.19x     0.0026 **
txn_std                   $           231.25 $           217.81      1.06x     0.2461 

*** p<0.001, ** p<0.01, * p<0.05

============================================================
 EXTRACTED AMOUNT RULES
============================================================

Rule 1: Total volume > $118,351
   Suspicious Rate: 99.6%
   Interpretation: High total transaction volume

Rule 2: Avg transaction > $22,363
   Suspicious Rate: 98.8%
   Interpretation: Large average transaction size

Rule 3: Transaction std > $281
   Suspicious Rate: 99.6%
   Interpretation: High variance in amounts (inconsistent behavior)

Rule 4: Max outgoing > $2,479
   Suspicious Rate: 99.4%
   Interpretation: Very large single outgoing transaction
================================================================================
 NETWORK PATTERN ANALYSIS: Suspicious vs Normal Nodes
================================================================================

Feature                      Suspicious Mean        Normal Mean      Ratio      P-value
--------------------------------------------------------------------------------
in_degree                               2.33               1.65      1.41x     0.0003 ***
out_degree                              2.32               2.59      0.89x     0.2291 
total_degree                            4.65               4.25      1.09x     0.2041 
unique_counterparties                   4.65               4.25      1.09x     0.2041 
fan_out_ratio                           0.05               0.05      0.95x     0.8773 
fan_in_ratio                            0.05               0.04      1.17x     0.2229 

============================================================
 EXTRACTED NETWORK/STRUCTURAL RULES
============================================================

Rule 1: Sends to > 6 unique recipients
   Pattern Type: STRUCTURING / LAYERING
   Suspicious Rate: 98.8%
   Interpretation: Sending money to many different accounts (potential smurfing)

Rule 2: Receives from > 5 unique senders
   Pattern Type: COLLECTION / AGGREGATION
   Suspicious Rate: 99.7%
   Interpretation: Receiving money from many sources (potential collection point)

Rule 3: Total connections > 10
   Pattern Type: HUB / CENTRAL NODE
   Suspicious Rate: 99.6%
   Interpretation: Highly connected node acting as money hub

Rule 4: Flow imbalance > 80%
   Pattern Type: ONE-WAY FLOW
   Suspicious Rate: 98.6%
   Interpretation: Mostly sending OR receiving (not balanced like normal accounts)
================================================================================
 FREQUENCY/TIMING PATTERN ANALYSIS
================================================================================

Feature                      Suspicious Mean        Normal Mean      Ratio
--------------------------------------------------------------------------------
total_txns                            119.46             108.70      1.10x
avg_repeat_to_same                     29.86              34.30      0.87x
max_repeat_to_same                     37.90              43.00      0.88x
velocity                                0.02               0.02      0.78x

============================================================
 EXTRACTED FREQUENCY/TIMING RULES
============================================================

Rule 1: Total transactions > 215
   Pattern Type: HIGH ACTIVITY
   Suspicious Rate: 99.6%
   Interpretation: Unusually high number of transactions

Rule 2: Repeated txns to same target > 103
   Pattern Type: REPETITIVE BEHAVIOR
   Suspicious Rate: 97.7%
   Interpretation: Multiple transactions to same recipient (potential structuring)

Rule 3: Transaction velocity > 0.0001
   Pattern Type: RAPID TRANSACTIONS
   Suspicious Rate: 98.9%
   Interpretation: High frequency of transactions in short period
============================================================
 FEATURE IMPORTANCE (Correlation with Anomaly Score)
============================================================
              feature  correlation
             net_flow     0.033992
            in_degree     0.023071
         total_volume     0.010656
           total_txns     0.009400
              in_mean     0.007405
         total_degree     0.006627
unique_counterparties     0.006627
         avg_txn_size     0.006624
       flow_imbalance     0.003582
              txn_std     0.001438
             out_mean     0.001288
        fan_out_ratio    -0.000371
             velocity    -0.000744
         fan_in_ratio    -0.005977
           out_degree    -0.011276
   avg_repeat_to_same    -0.015223

================================================================================
 AML PATTERN ANALYSIS - COMPLETE RULE SUMMARY
================================================================================

--------------------------------------------------------------------------------
 TOP AML DETECTION RULES (Ranked by Suspicious Rate)
--------------------------------------------------------------------------------

1. [NETWORK] Receives from > 5 unique senders
   Pattern: COLLECTION / AGGREGATION
   Suspicious Rate: 99.7%

2. [AMOUNT] Total volume > $118,351
   Pattern: High total transaction volume
   Suspicious Rate: 99.6%

3. [AMOUNT] Transaction std > $281
   Pattern: High variance in amounts (inconsistent behavior)
   Suspicious Rate: 99.6%

4. [FREQUENCY] Total transactions > 215
   Pattern: HIGH ACTIVITY
   Suspicious Rate: 99.6%

5. [NETWORK] Total connections > 10
   Pattern: HUB / CENTRAL NODE
   Suspicious Rate: 99.6%

6. [AMOUNT] Max outgoing > $2,479
   Pattern: Very large single outgoing transaction
   Suspicious Rate: 99.4%

7. [FREQUENCY] Transaction velocity > 0.0001
   Pattern: RAPID TRANSACTIONS
   Suspicious Rate: 98.9%

8. [NETWORK] Sends to > 6 unique recipients
   Pattern: STRUCTURING / LAYERING
   Suspicious Rate: 98.8%

9. [AMOUNT] Avg transaction > $22,363
   Pattern: Large average transaction size
   Suspicious Rate: 98.8%

10. [NETWORK] Flow imbalance > 80%
   Pattern: ONE-WAY FLOW
   Suspicious Rate: 98.6%

11. [FREQUENCY] Repeated txns to same target > 103
   Pattern: REPETITIVE BEHAVIOR
   Suspicious Rate: 97.7%

Rules saved to: /home/adnoman/projects/aml_gan/AMLend2end/output/aml_rules.json

================================================================================
 KEY OBSERVATIONS & FINDINGS
================================================================================

AMOUNT PATTERNS:
----------------
- Suspicious nodes tend to have HIGHER total transaction volumes
- Large individual transactions (max amounts) are red flags
- High variance in transaction sizes indicates inconsistent behavior

NETWORK PATTERNS:
-----------------
- High fan-out (sending to many unique recipients) = potential STRUCTURING
- High fan-in (receiving from many sources) = potential COLLECTION point
- Highly connected nodes (hubs) often facilitate money movement
- One-way flow (mostly in OR out) differs from normal account behavior

FREQUENCY PATTERNS:
-------------------
- High transaction counts indicate unusual activity levels
- Repeated transactions to same counterparty = potential structuring
- High velocity (many transactions in short time) = rapid movement

RECOMMENDED MONITORING THRESHOLDS:
----------------------------------

  - Total Volume Alert:        > $139,261
  - Single Transaction Alert:  > $2,479
  - Fan-out Alert:             > 7 unique recipients
  - Transaction Count Alert:   > 253 transactions
  - Repeat Transaction Alert:  > 103 to same target

================================================================================
 PATTERN ANALYSIS COMPLETE
================================================================================
--------------------------------------------------
Execution completed successfully
