Executing 9_aml_model_server.ipynb with papermill
Parameters: {
  "run_id": "28b2de94-0f48-40bf-92ca-85995e1ba8da",
  "artifacts_dir": "/home/adnoman/projects/aml_gan/AMLend2end/artifacts/runs/28b2de94-0f48-40bf-92ca-85995e1ba8da",
  "sample_size": null,
  "epochs": null,
  "threshold": null
}
Timeout: 1800s
--------------------------------------------------
2026-02-02 17:19:09.535833: I tensorflow/core/util/port.cc:153] oneDNN custom operations are on. You may see slightly different numerical results due to floating-point round-off errors from different computation orders. To turn them off, set the environment variable `TF_ENABLE_ONEDNN_OPTS=0`.
2026-02-02 17:19:09.568304: I tensorflow/core/platform/cpu_feature_guard.cc:210] This TensorFlow binary is optimized to use available CPU instructions in performance-critical operations.
To enable the following instructions: AVX2 AVX_VNNI FMA, in other operations, rebuild TensorFlow with the appropriate compiler flags.
2026-02-02 17:19:10.396181: I tensorflow/core/util/port.cc:153] oneDNN custom operations are on. You may see slightly different numerical results due to floating-point round-off errors from different computation orders. To turn them off, set the environment variable `TF_ENABLE_ONEDNN_OPTS=0`.
TensorFlow version: 2.20.0
Found model: /home/adnoman/projects/aml_gan/AMLend2end/models/gan_anomaly_6102bcd9
WARNING: All log messages before absl::InitializeLog() is called are written to STDERR
I0000 00:00:1770034751.091224  137416 gpu_device.cc:2020] Created device /job:localhost/replica:0/task:0/device:GPU:0 with 9511 MB memory:  -> device: 0, name: NVIDIA GeForce RTX 4080 Laptop GPU, pci bus id: 0000:01:00.0, compute capability: 8.9
Loaded model from: /home/adnoman/projects/aml_gan/AMLend2end/models/gan_anomaly_6102bcd9/anomaly_detector.keras
Anomaly threshold: 0.000142
Model metrics: {'auc': 0.5083712138260048, 'optimal_threshold': 0.00014216574484097338, 'final_loss': 0.00025334092788398266}
Hyperparameters: {'latent_dim': 8, 'n_layers': 2, 'activation': 'relu', 'dropout_rate': 0.0, 'learning_rate': 0.0001}
Loaded 7347 node embeddings
Embedding dimensions: 32
Sample node IDs: ['3aa9646b', '1e46e726', '49203bc3', 'a74d1101', '616d4505', '99af2455', '39be1ea2', 'e7ec7bdb', 'e2e0d938', 'afc399a9', '75c9a805', 'd7a317f6', 'c14f4989']
Running anomaly detection on sample nodes...
============================================================
2026-02-02 17:19:11.971828: I external/local_xla/xla/service/service.cc:163] XLA service 0x717d50014e10 initialized for platform CUDA (this does not guarantee that XLA will be used). Devices:
2026-02-02 17:19:11.971852: I external/local_xla/xla/service/service.cc:171]   StreamExecutor device (0): NVIDIA GeForce RTX 4080 Laptop GPU, Compute Capability 8.9
2026-02-02 17:19:11.975868: I tensorflow/compiler/mlir/tensorflow/utils/dump_mlir_util.cc:269] disabling MLIR crash reproducer, set env var `MLIR_CRASH_REPRODUCER_DIRECTORY` to enable.
2026-02-02 17:19:11.993918: I external/local_xla/xla/stream_executor/cuda/cuda_dnn.cc:473] Loaded cuDNN version 91801
I0000 00:00:1770034752.126291  137647 device_compiler.h:196] Compiled cluster using XLA!  This line is logged at most once for the lifetime of the process.
🚨 ALERT | Node: 3aa9646b | Score: 0.000162 | POTENTIAL SAR
🚨 ALERT | Node: 1e46e726 | Score: 0.000236 | POTENTIAL SAR
🚨 ALERT | Node: 49203bc3 | Score: 0.000245 | POTENTIAL SAR
🚨 ALERT | Node: a74d1101 | Score: 0.000329 | POTENTIAL SAR
🚨 ALERT | Node: 616d4505 | Score: 0.000302 | POTENTIAL SAR
🚨 ALERT | Node: 99af2455 | Score: 0.000253 | POTENTIAL SAR
🚨 ALERT | Node: 39be1ea2 | Score: 0.000292 | POTENTIAL SAR
🚨 ALERT | Node: e7ec7bdb | Score: 0.000287 | POTENTIAL SAR
🚨 ALERT | Node: e2e0d938 | Score: 0.000157 | POTENTIAL SAR
🚨 ALERT | Node: afc399a9 | Score: 0.000256 | POTENTIAL SAR
🚨 ALERT | Node: 75c9a805 | Score: 0.000189 | POTENTIAL SAR
🚨 ALERT | Node: d7a317f6 | Score: 0.000356 | POTENTIAL SAR
🚨 ALERT | Node: c14f4989 | Score: 0.000312 | POTENTIAL SAR
============================================================

Running on all nodes...

Total nodes: 7347
Anomalies detected: 7266
Normal nodes: 81

Top 10 Most Anomalous Nodes:
      id  is_sar  anomaly_score  is_anomaly
0dff90bb       1       0.000493        True
7fbf6dbb       0       0.000466        True
83b0f5a2       0       0.000457        True
7168e518       0       0.000447        True
278e2e02       0       0.000427        True
d79118e0       0       0.000426        True
8adff64d       0       0.000425        True
921c6171       0       0.000424        True
6e03acec       0       0.000424        True
c53586f2       1       0.000424        True

==================================================
Anomaly Detection Complete!
==================================================
--------------------------------------------------
Execution completed successfully
