Executing 11_analytical_dashboard.ipynb with papermill
Parameters: {
  "run_id": "1cc41367-e95c-4686-b4a7-98f690865869",
  "artifacts_dir": "/home/adnoman/projects/aml_gan/AMLend2end/artifacts/runs/1cc41367-e95c-4686-b4a7-98f690865869",
  "sample_size": null,
  "epochs": null,
  "threshold": null
}
Timeout: 1800s
--------------------------------------------------
2026-02-02 17:26:28.500853: I tensorflow/core/util/port.cc:153] oneDNN custom operations are on. You may see slightly different numerical results due to floating-point round-off errors from different computation orders. To turn them off, set the environment variable `TF_ENABLE_ONEDNN_OPTS=0`.
2026-02-02 17:26:28.530163: I tensorflow/core/platform/cpu_feature_guard.cc:210] This TensorFlow binary is optimized to use available CPU instructions in performance-critical operations.
To enable the following instructions: AVX2 AVX_VNNI FMA, in other operations, rebuild TensorFlow with the appropriate compiler flags.
2026-02-02 17:26:29.353915: I tensorflow/core/util/port.cc:153] oneDNN custom operations are on. You may see slightly different numerical results due to floating-point round-off errors from different computation orders. To turn them off, set the environment variable `TF_ENABLE_ONEDNN_OPTS=0`.
Dashboard initialized!
Interactive widgets available: True
Loading data...
  Transactions: 438,386
  Nodes: 7,347
  Node embeddings: 7,347
WARNING: All log messages before absl::InitializeLog() is called are written to STDERR
I0000 00:00:1770035189.962888  154033 gpu_device.cc:2020] Created device /job:localhost/replica:0/task:0/device:GPU:0 with 9511 MB memory:  -> device: 0, name: NVIDIA GeForce RTX 4080 Laptop GPU, pci bus id: 0000:01:00.0, compute capability: 8.9
  Model loaded: gan_anomaly_f6ee3607
2026-02-02 17:26:30.771736: I external/local_xla/xla/service/service.cc:163] XLA service 0x7861a4003500 initialized for platform CUDA (this does not guarantee that XLA will be used). Devices:
2026-02-02 17:26:30.771765: I external/local_xla/xla/service/service.cc:171]   StreamExecutor device (0): NVIDIA GeForce RTX 4080 Laptop GPU, Compute Capability 8.9
2026-02-02 17:26:30.776281: I tensorflow/compiler/mlir/tensorflow/utils/dump_mlir_util.cc:269] disabling MLIR crash reproducer, set env var `MLIR_CRASH_REPRODUCER_DIRECTORY` to enable.
2026-02-02 17:26:30.800399: I external/local_xla/xla/stream_executor/cuda/cuda_dnn.cc:473] Loaded cuDNN version 91801
I0000 00:00:1770035191.173114  154274 device_compiler.h:196] Compiled cluster using XLA!  This line is logged at most once for the lifetime of the process.

Data loading complete!
Edge risk and money flow data prepared!
Loss/Savings analysis calculated!
Network visualization: 28 nodes, 24 edges

================================================================================
 AML ANALYTICAL DASHBOARD - SUMMARY REPORT 
================================================================================

            DATASET OVERVIEW            
----------------------------------------
  Total Nodes:                     7,347
  Total Transactions:            438,386
  Total Value:              $242,434,979

           DETECTION RESULTS            
----------------------------------------
  Anomalies Detected:              7,237
  Detection Rate:                  98.5%
  Suspicious Transactions:       438,223

            FINANCIAL IMPACT            
----------------------------------------
  Suspicious Volume:        $242,345,204
  Potential Loss Avoided:   $  4,073,690
  Amount Recovered:         $  2,851,583
  Operational Cost:         $  4,903,700
  Net Savings:              $ -2,052,117

         OUTPUT FILES GENERATED         
----------------------------------------
  - dashboard_executive.png
  - dashboard_loss_savings.png
  - dashboard_risk_network.png
  - dashboard_transaction_deepdive.png
  - dashboard_node_profiles.png

================================================================================
 DASHBOARD COMPLETE 
================================================================================
--------------------------------------------------
Execution completed successfully
