Executing 12_aml_pattern_analysis.ipynb with papermill
Parameters: {
  "run_id": "1cc41367-e95c-4686-b4a7-98f690865869",
  "artifacts_dir": "/home/adnoman/projects/aml_gan/AMLend2end/artifacts/runs/1cc41367-e95c-4686-b4a7-98f690865869",
  "sample_size": null,
  "epochs": null,
  "threshold": null
}
Timeout: 1800s
--------------------------------------------------
2026-02-02 17:26:40.067496: I tensorflow/core/util/port.cc:153] oneDNN custom operations are on. You may see slightly different numerical results due to floating-point round-off errors from different computation orders. To turn them off, set the environment variable `TF_ENABLE_ONEDNN_OPTS=0`.
2026-02-02 17:26:40.097996: I tensorflow/core/platform/cpu_feature_guard.cc:210] This TensorFlow binary is optimized to use available CPU instructions in performance-critical operations.
To enable the following instructions: AVX2 AVX_VNNI FMA, in other operations, rebuild TensorFlow with the appropriate compiler flags.
Setup complete!
2026-02-02 17:26:40.856331: I tensorflow/core/util/port.cc:153] oneDNN custom operations are on. You may see slightly different numerical results due to floating-point round-off errors from different computation orders. To turn them off, set the environment variable `TF_ENABLE_ONEDNN_OPTS=0`.
WARNING: All log messages before absl::InitializeLog() is called are written to STDERR
I0000 00:00:1770035201.260945  154615 gpu_device.cc:2020] Created device /job:localhost/replica:0/task:0/device:GPU:0 with 9511 MB memory:  -> device: 0, name: NVIDIA GeForce RTX 4080 Laptop GPU, pci bus id: 0000:01:00.0, compute capability: 8.9
2026-02-02 17:26:42.057946: I external/local_xla/xla/service/service.cc:163] XLA service 0x78363c015740 initialized for platform CUDA (this does not guarantee that XLA will be used). Devices:
2026-02-02 17:26:42.057970: I external/local_xla/xla/service/service.cc:171]   StreamExecutor device (0): NVIDIA GeForce RTX 4080 Laptop GPU, Compute Capability 8.9
2026-02-02 17:26:42.062011: I tensorflow/compiler/mlir/tensorflow/utils/dump_mlir_util.cc:269] disabling MLIR crash reproducer, set env var `MLIR_CRASH_REPRODUCER_DIRECTORY` to enable.
2026-02-02 17:26:42.078849: I external/local_xla/xla/stream_executor/cuda/cuda_dnn.cc:473] Loaded cuDNN version 91801
I0000 00:00:1770035202.434430  154853 device_compiler.h:196] Compiled cluster using XLA!  This line is logged at most once for the lifetime of the process.
Loaded 438,386 transactions, 7,347 nodes
Anomalies: 7,237 (98.5%)
Created 29 features for 7347 nodes
================================================================================
 AMOUNT PATTERN ANALYSIS: Suspicious vs Normal Nodes
================================================================================

Feature                      Suspicious Mean        Normal Mean      Ratio      P-value
--------------------------------------------------------------------------------
total_volume              $        66,054.04 $        62,153.33      1.06x     0.4163 
avg_txn_size              $        12,338.80 $        11,956.95      1.03x     0.4661 
out_mean                  $           487.03 $           454.94      1.07x     0.8160 
in_mean                   $           503.48 $           496.56      1.01x     0.9075 
out_max                   $           915.32 $           813.53      1.13x     0.1795 
in_max                    $           973.55 $           917.19      1.06x     0.2313 
txn_std                   $           231.20 $           224.50      1.03x     0.7495 

*** p<0.001, ** p<0.01, * p<0.05

============================================================
 EXTRACTED AMOUNT RULES
============================================================

Rule 1: Total volume > $118,351
   Suspicious Rate: 99.0%
   Interpretation: High total transaction volume

Rule 2: Avg transaction > $22,363
   Suspicious Rate: 98.9%
   Interpretation: Large average transaction size

Rule 3: Transaction std > $281
   Suspicious Rate: 98.6%
   Interpretation: High variance in amounts (inconsistent behavior)

Rule 4: Max outgoing > $2,479
   Suspicious Rate: 100.0%
   Interpretation: Very large single outgoing transaction
================================================================================
 NETWORK PATTERN ANALYSIS: Suspicious vs Normal Nodes
================================================================================

Feature                      Suspicious Mean        Normal Mean      Ratio      P-value
--------------------------------------------------------------------------------
in_degree                               2.33               2.15      1.08x     0.5083 
out_degree                              2.32               2.33      1.00x     0.7522 
total_degree                            4.65               4.47      1.04x     0.7668 
unique_counterparties                   4.65               4.47      1.04x     0.7668 
fan_out_ratio                           0.05               0.05      1.01x     0.8768 
fan_in_ratio                            0.05               0.05      1.02x     0.4544 

============================================================
 EXTRACTED NETWORK/STRUCTURAL RULES
============================================================

Rule 1: Sends to > 6 unique recipients
   Pattern Type: STRUCTURING / LAYERING
   Suspicious Rate: 98.1%
   Interpretation: Sending money to many different accounts (potential smurfing)

Rule 2: Receives from > 5 unique senders
   Pattern Type: COLLECTION / AGGREGATION
   Suspicious Rate: 99.0%
   Interpretation: Receiving money from many sources (potential collection point)

Rule 3: Total connections > 10
   Pattern Type: HUB / CENTRAL NODE
   Suspicious Rate: 100.0%
   Interpretation: Highly connected node acting as money hub

Rule 4: Flow imbalance > 80%
   Pattern Type: ONE-WAY FLOW
   Suspicious Rate: 98.5%
   Interpretation: Mostly sending OR receiving (not balanced like normal accounts)
================================================================================
 FREQUENCY/TIMING PATTERN ANALYSIS
================================================================================

Feature                      Suspicious Mean        Normal Mean      Ratio
--------------------------------------------------------------------------------
total_txns                            119.43             113.12      1.06x
avg_repeat_to_same                     29.88              31.27      0.96x
max_repeat_to_same                     37.96              37.88      1.00x
velocity                                0.02               0.02      1.04x

============================================================
 EXTRACTED FREQUENCY/TIMING RULES
============================================================

Rule 1: Total transactions > 215
   Pattern Type: HIGH ACTIVITY
   Suspicious Rate: 99.0%
   Interpretation: Unusually high number of transactions

Rule 2: Repeated txns to same target > 103
   Pattern Type: REPETITIVE BEHAVIOR
   Suspicious Rate: 98.8%
   Interpretation: Multiple transactions to same recipient (potential structuring)

Rule 3: Transaction velocity > 0.0001
   Pattern Type: RAPID TRANSACTIONS
   Suspicious Rate: 99.2%
   Interpretation: High frequency of transactions in short period
============================================================
 FEATURE IMPORTANCE (Correlation with Anomaly Score)
============================================================
              feature  correlation
         total_degree     0.029705
unique_counterparties     0.029705
            in_degree     0.023626
             net_flow     0.022052
           out_degree     0.017812
              txn_std     0.015759
        fan_out_ratio     0.014066
         total_volume     0.010884
           total_txns     0.008750
              in_mean     0.002897
             out_mean     0.000219
         fan_in_ratio    -0.000111
             velocity    -0.000837
       flow_imbalance    -0.003993
         avg_txn_size    -0.011933
   avg_repeat_to_same    -0.031093

================================================================================
 AML PATTERN ANALYSIS - COMPLETE RULE SUMMARY
================================================================================

--------------------------------------------------------------------------------
 TOP AML DETECTION RULES (Ranked by Suspicious Rate)
--------------------------------------------------------------------------------

1. [AMOUNT] Max outgoing > $2,479
   Pattern: Very large single outgoing transaction
   Suspicious Rate: 100.0%

2. [NETWORK] Total connections > 10
   Pattern: HUB / CENTRAL NODE
   Suspicious Rate: 100.0%

3. [FREQUENCY] Transaction velocity > 0.0001
   Pattern: RAPID TRANSACTIONS
   Suspicious Rate: 99.2%

4. [AMOUNT] Total volume > $118,351
   Pattern: High total transaction volume
   Suspicious Rate: 99.0%

5. [FREQUENCY] Total transactions > 215
   Pattern: HIGH ACTIVITY
   Suspicious Rate: 99.0%

6. [NETWORK] Receives from > 5 unique senders
   Pattern: COLLECTION / AGGREGATION
   Suspicious Rate: 99.0%

7. [AMOUNT] Avg transaction > $22,363
   Pattern: Large average transaction size
   Suspicious Rate: 98.9%

8. [FREQUENCY] Repeated txns to same target > 103
   Pattern: REPETITIVE BEHAVIOR
   Suspicious Rate: 98.8%

9. [AMOUNT] Transaction std > $281
   Pattern: High variance in amounts (inconsistent behavior)
   Suspicious Rate: 98.6%

10. [NETWORK] Flow imbalance > 80%
   Pattern: ONE-WAY FLOW
   Suspicious Rate: 98.5%

11. [NETWORK] Sends to > 6 unique recipients
   Pattern: STRUCTURING / LAYERING
   Suspicious Rate: 98.1%

Rules saved to: /home/adnoman/projects/aml_gan/AMLend2end/output/aml_rules.json

================================================================================
 KEY OBSERVATIONS & FINDINGS
================================================================================

AMOUNT PATTERNS:
----------------
- Suspicious nodes tend to have HIGHER total transaction volumes
- Large individual transactions (max amounts) are red flags
- High variance in transaction sizes indicates inconsistent behavior

NETWORK PATTERNS:
-----------------
- High fan-out (sending to many unique recipients) = potential STRUCTURING
- High fan-in (receiving from many sources) = potential COLLECTION point
- Highly connected nodes (hubs) often facilitate money movement
- One-way flow (mostly in OR out) differs from normal account behavior

FREQUENCY PATTERNS:
-------------------
- High transaction counts indicate unusual activity levels
- Repeated transactions to same counterparty = potential structuring
- High velocity (many transactions in short time) = rapid movement

RECOMMENDED MONITORING THRESHOLDS:
----------------------------------

  - Total Volume Alert:        > $139,261
  - Single Transaction Alert:  > $2,479
  - Fan-out Alert:             > 7 unique recipients
  - Transaction Count Alert:   > 253 transactions
  - Repeat Transaction Alert:  > 103 to same target

================================================================================
 PATTERN ANALYSIS COMPLETE
================================================================================
--------------------------------------------------
Execution completed successfully
