Executing 6_create_anomaly_detection_td.ipynb with papermill
Parameters: {
  "run_id": "1cc41367-e95c-4686-b4a7-98f690865869",
  "artifacts_dir": "/home/adnoman/projects/aml_gan/AMLend2end/artifacts/runs/1cc41367-e95c-4686-b4a7-98f690865869",
  "sample_size": null,
  "epochs": null,
  "threshold": null
}
Timeout: 1800s
--------------------------------------------------
Output path: /home/adnoman/projects/aml_gan/AMLend2end/output
Training data path: /home/adnoman/projects/aml_gan/AMLend2end/training_data
Loaded node embeddings: (7347, 34)
Columns: ['id', 'emb_0', 'emb_1', 'emb_2', 'emb_3']... + is_sar
Embedding dimensions: 32
Non-SAR nodes: 6531
Non-SAR count: 6531
Non-SAR train: 5224
Non-SAR test: 1307

Training data shape: (5224, 32)
Test data shape: (1307, 32)
SAR nodes: 816
SAR data shape: (816, 32)
Evaluation dataset shape: (2123, 32)
Evaluation labels: 2123 (SAR: 816, Non-SAR: 1307)
Non-SAR test count: 1307
SAR count: 816
Evaluation total count: 2123
Saved training data to: /home/adnoman/projects/aml_gan/AMLend2end/training_data/gan
  - X_train.npy: (5224, 32)
  - y_train.npy: (5224,)
  - X_eval.npy: (2123, 32)
  - y_eval.npy: (2123,)
==================================================
GAN Training Datasets Created
==================================================
Training set (non-SAR only): 5224 samples
Evaluation set (SAR + non-SAR): 2123 samples
  - Non-SAR: 1307
  - SAR: 816
Embedding dimensions: 32

Saved to: /home/adnoman/projects/aml_gan/AMLend2end/training_data/gan
==================================================
--------------------------------------------------
Execution completed successfully
