Executing 9_aml_model_server.ipynb with papermill
Parameters: {
  "run_id": "1cc41367-e95c-4686-b4a7-98f690865869",
  "artifacts_dir": "/home/adnoman/projects/aml_gan/AMLend2end/artifacts/runs/1cc41367-e95c-4686-b4a7-98f690865869",
  "sample_size": null,
  "epochs": null,
  "threshold": null
}
Timeout: 1800s
--------------------------------------------------
2026-02-02 17:26:10.477689: I tensorflow/core/util/port.cc:153] oneDNN custom operations are on. You may see slightly different numerical results due to floating-point round-off errors from different computation orders. To turn them off, set the environment variable `TF_ENABLE_ONEDNN_OPTS=0`.
2026-02-02 17:26:10.506308: I tensorflow/core/platform/cpu_feature_guard.cc:210] This TensorFlow binary is optimized to use available CPU instructions in performance-critical operations.
To enable the following instructions: AVX2 AVX_VNNI FMA, in other operations, rebuild TensorFlow with the appropriate compiler flags.
2026-02-02 17:26:11.268575: I tensorflow/core/util/port.cc:153] oneDNN custom operations are on. You may see slightly different numerical results due to floating-point round-off errors from different computation orders. To turn them off, set the environment variable `TF_ENABLE_ONEDNN_OPTS=0`.
TensorFlow version: 2.20.0
Found model: /home/adnoman/projects/aml_gan/AMLend2end/models/gan_anomaly_f6ee3607
WARNING: All log messages before absl::InitializeLog() is called are written to STDERR
I0000 00:00:1770035171.956191  152054 gpu_device.cc:2020] Created device /job:localhost/replica:0/task:0/device:GPU:0 with 9511 MB memory:  -> device: 0, name: NVIDIA GeForce RTX 4080 Laptop GPU, pci bus id: 0000:01:00.0, compute capability: 8.9
Loaded model from: /home/adnoman/projects/aml_gan/AMLend2end/models/gan_anomaly_f6ee3607/anomaly_detector.keras
Anomaly threshold: 0.000157
Model metrics: {'auc': 0.4967773452150562, 'optimal_threshold': 0.00015697844496052933, 'final_loss': 0.0002647935471031815}
Hyperparameters: {'latent_dim': 8, 'n_layers': 2, 'activation': 'relu', 'dropout_rate': 0.0, 'learning_rate': 0.0001}
Loaded 7347 node embeddings
Embedding dimensions: 32
Sample node IDs: ['3aa9646b', '1e46e726', '49203bc3', 'a74d1101', '616d4505', '99af2455', '39be1ea2', 'e7ec7bdb', 'e2e0d938', 'afc399a9', '75c9a805', 'd7a317f6', 'c14f4989']
Running anomaly detection on sample nodes...
============================================================
2026-02-02 17:26:12.871459: I external/local_xla/xla/service/service.cc:163] XLA service 0x73a768002b00 initialized for platform CUDA (this does not guarantee that XLA will be used). Devices:
2026-02-02 17:26:12.871487: I external/local_xla/xla/service/service.cc:171]   StreamExecutor device (0): NVIDIA GeForce RTX 4080 Laptop GPU, Compute Capability 8.9
2026-02-02 17:26:12.875699: I tensorflow/compiler/mlir/tensorflow/utils/dump_mlir_util.cc:269] disabling MLIR crash reproducer, set env var `MLIR_CRASH_REPRODUCER_DIRECTORY` to enable.
2026-02-02 17:26:12.895112: I external/local_xla/xla/stream_executor/cuda/cuda_dnn.cc:473] Loaded cuDNN version 91801
I0000 00:00:1770035173.031750  152228 device_compiler.h:196] Compiled cluster using XLA!  This line is logged at most once for the lifetime of the process.
🚨 ALERT | Node: 3aa9646b | Score: 0.000180 | POTENTIAL SAR
🚨 ALERT | Node: 1e46e726 | Score: 0.000292 | POTENTIAL SAR
🚨 ALERT | Node: 49203bc3 | Score: 0.000201 | POTENTIAL SAR
🚨 ALERT | Node: a74d1101 | Score: 0.000278 | POTENTIAL SAR
🚨 ALERT | Node: 616d4505 | Score: 0.000184 | POTENTIAL SAR
🚨 ALERT | Node: 99af2455 | Score: 0.000293 | POTENTIAL SAR
🚨 ALERT | Node: 39be1ea2 | Score: 0.000225 | POTENTIAL SAR
🚨 ALERT | Node: e7ec7bdb | Score: 0.000271 | POTENTIAL SAR
🚨 ALERT | Node: e2e0d938 | Score: 0.000344 | POTENTIAL SAR
🚨 ALERT | Node: afc399a9 | Score: 0.000260 | POTENTIAL SAR
🚨 ALERT | Node: 75c9a805 | Score: 0.000215 | POTENTIAL SAR
✓ OK | Node: d7a317f6 | Score: 0.000151 | NORMAL
🚨 ALERT | Node: c14f4989 | Score: 0.000206 | POTENTIAL SAR
============================================================

Running on all nodes...

Total nodes: 7347
Anomalies detected: 7237
Normal nodes: 110

Top 10 Most Anomalous Nodes:
      id  is_sar  anomaly_score  is_anomaly
10b33182       0       0.000458        True
bd776e58       0       0.000457        True
23d87fef       0       0.000453        True
b91da37d       0       0.000450        True
a6a98e30       0       0.000445        True
9a90223f       0       0.000442        True
41621e69       0       0.000440        True
2d1772de       0       0.000435        True
51b1cd26       0       0.000435        True
90da97aa       0       0.000432        True

==================================================
Anomaly Detection Complete!
==================================================
--------------------------------------------------
Execution completed successfully
