Executing 12_aml_pattern_analysis.ipynb with papermill
Parameters: {
  "run_id": "130b4b0c-059c-4a33-880b-6e04c41ce18c",
  "artifacts_dir": "/home/adnoman/projects/aml_gan/AMLend2end/artifacts/runs/130b4b0c-059c-4a33-880b-6e04c41ce18c",
  "sample_size": null,
  "epochs": null,
  "threshold": null
}
Timeout: 1800s
--------------------------------------------------
2026-02-02 16:21:48.201805: I tensorflow/core/util/port.cc:153] oneDNN custom operations are on. You may see slightly different numerical results due to floating-point round-off errors from different computation orders. To turn them off, set the environment variable `TF_ENABLE_ONEDNN_OPTS=0`.
2026-02-02 16:21:48.231057: I tensorflow/core/platform/cpu_feature_guard.cc:210] This TensorFlow binary is optimized to use available CPU instructions in performance-critical operations.
To enable the following instructions: AVX2 AVX_VNNI FMA, in other operations, rebuild TensorFlow with the appropriate compiler flags.
Setup complete!
2026-02-02 16:21:48.942658: I tensorflow/core/util/port.cc:153] oneDNN custom operations are on. You may see slightly different numerical results due to floating-point round-off errors from different computation orders. To turn them off, set the environment variable `TF_ENABLE_ONEDNN_OPTS=0`.
WARNING: All log messages before absl::InitializeLog() is called are written to STDERR
I0000 00:00:1770031309.395450   97703 gpu_device.cc:2020] Created device /job:localhost/replica:0/task:0/device:GPU:0 with 9511 MB memory:  -> device: 0, name: NVIDIA GeForce RTX 4080 Laptop GPU, pci bus id: 0000:01:00.0, compute capability: 8.9
2026-02-02 16:21:50.154244: I external/local_xla/xla/service/service.cc:163] XLA service 0x770994015040 initialized for platform CUDA (this does not guarantee that XLA will be used). Devices:
2026-02-02 16:21:50.154278: I external/local_xla/xla/service/service.cc:171]   StreamExecutor device (0): NVIDIA GeForce RTX 4080 Laptop GPU, Compute Capability 8.9
2026-02-02 16:21:50.158238: I tensorflow/compiler/mlir/tensorflow/utils/dump_mlir_util.cc:269] disabling MLIR crash reproducer, set env var `MLIR_CRASH_REPRODUCER_DIRECTORY` to enable.
2026-02-02 16:21:50.175938: I external/local_xla/xla/stream_executor/cuda/cuda_dnn.cc:473] Loaded cuDNN version 91801
I0000 00:00:1770031310.566647   97913 device_compiler.h:196] Compiled cluster using XLA!  This line is logged at most once for the lifetime of the process.
Loaded 438,386 transactions, 7,347 nodes
Anomalies: 7,304 (99.4%)
Created 29 features for 7347 nodes
================================================================================
 AMOUNT PATTERN ANALYSIS: Suspicious vs Normal Nodes
================================================================================

Feature                      Suspicious Mean        Normal Mean      Ratio      P-value
--------------------------------------------------------------------------------
total_volume              $        66,002.48 $        64,833.35      1.02x     0.6922 
avg_txn_size              $        12,329.70 $        12,907.23      0.96x     0.9062 
out_mean                  $           486.58 $           481.90      1.01x     0.6065 
in_mean                   $           503.08 $           553.38      0.91x     0.5281 
out_max                   $           913.53 $           959.68      0.95x     0.9395 
in_max                    $           972.05 $         1,083.99      0.90x     0.5433 
txn_std                   $           231.01 $           246.57      0.94x     0.1295 

*** p<0.001, ** p<0.01, * p<0.05

============================================================
 EXTRACTED AMOUNT RULES
============================================================

Rule 1: Total volume > $118,351
   Suspicious Rate: 99.5%
   Interpretation: High total transaction volume

Rule 2: Avg transaction > $22,363
   Suspicious Rate: 99.0%
   Interpretation: Large average transaction size

Rule 3: Transaction std > $281
   Suspicious Rate: 99.0%
   Interpretation: High variance in amounts (inconsistent behavior)

Rule 4: Max outgoing > $2,479
   Suspicious Rate: 99.2%
   Interpretation: Very large single outgoing transaction
================================================================================
 NETWORK PATTERN ANALYSIS: Suspicious vs Normal Nodes
================================================================================

Feature                      Suspicious Mean        Normal Mean      Ratio      P-value
--------------------------------------------------------------------------------
in_degree                               2.32               2.07      1.12x     0.2673 
out_degree                              2.32               2.26      1.03x     0.6709 
total_degree                            4.65               4.33      1.07x     0.1731 
unique_counterparties                   4.65               4.33      1.07x     0.1731 
fan_out_ratio                           0.05               0.04      1.22x     0.7929 
fan_in_ratio                            0.05               0.06      0.84x     0.6168 

============================================================
 EXTRACTED NETWORK/STRUCTURAL RULES
============================================================

Rule 1: Sends to > 6 unique recipients
   Pattern Type: STRUCTURING / LAYERING
   Suspicious Rate: 99.1%
   Interpretation: Sending money to many different accounts (potential smurfing)

Rule 2: Receives from > 5 unique senders
   Pattern Type: COLLECTION / AGGREGATION
   Suspicious Rate: 99.0%
   Interpretation: Receiving money from many sources (potential collection point)

Rule 3: Total connections > 10
   Pattern Type: HUB / CENTRAL NODE
   Suspicious Rate: 99.1%
   Interpretation: Highly connected node acting as money hub

Rule 4: Flow imbalance > 80%
   Pattern Type: ONE-WAY FLOW
   Suspicious Rate: 99.5%
   Interpretation: Mostly sending OR receiving (not balanced like normal accounts)
================================================================================
 FREQUENCY/TIMING PATTERN ANALYSIS
================================================================================

Feature                      Suspicious Mean        Normal Mean      Ratio
--------------------------------------------------------------------------------
total_txns                            119.36             116.12      1.03x
avg_repeat_to_same                     29.88              33.74      0.89x
max_repeat_to_same                     37.93              43.40      0.87x
velocity                                0.02               0.00     19.01x

============================================================
 EXTRACTED FREQUENCY/TIMING RULES
============================================================

Rule 1: Total transactions > 215
   Pattern Type: HIGH ACTIVITY
   Suspicious Rate: 99.4%
   Interpretation: Unusually high number of transactions

Rule 2: Repeated txns to same target > 103
   Pattern Type: REPETITIVE BEHAVIOR
   Suspicious Rate: 99.1%
   Interpretation: Multiple transactions to same recipient (potential structuring)

Rule 3: Transaction velocity > 0.0001
   Pattern Type: RAPID TRANSACTIONS
   Suspicious Rate: 99.5%
   Interpretation: High frequency of transactions in short period
============================================================
 FEATURE IMPORTANCE (Correlation with Anomaly Score)
============================================================
              feature  correlation
            in_degree     0.022917
         total_degree     0.022253
unique_counterparties     0.022253
         total_volume     0.012519
           total_txns     0.012140
           out_degree     0.008874
             out_mean     0.008246
              txn_std     0.004389
             net_flow    -0.001338
         fan_in_ratio    -0.003285
        fan_out_ratio    -0.004250
              in_mean    -0.004743
       flow_imbalance    -0.004802
         avg_txn_size    -0.005489
             velocity    -0.009471
   avg_repeat_to_same    -0.010604

================================================================================
 AML PATTERN ANALYSIS - COMPLETE RULE SUMMARY
================================================================================

--------------------------------------------------------------------------------
 TOP AML DETECTION RULES (Ranked by Suspicious Rate)
--------------------------------------------------------------------------------

1. [NETWORK] Flow imbalance > 80%
   Pattern: ONE-WAY FLOW
   Suspicious Rate: 99.5%

2. [AMOUNT] Total volume > $118,351
   Pattern: High total transaction volume
   Suspicious Rate: 99.5%

3. [FREQUENCY] Transaction velocity > 0.0001
   Pattern: RAPID TRANSACTIONS
   Suspicious Rate: 99.5%

4. [FREQUENCY] Total transactions > 215
   Pattern: HIGH ACTIVITY
   Suspicious Rate: 99.4%

5. [AMOUNT] Max outgoing > $2,479
   Pattern: Very large single outgoing transaction
   Suspicious Rate: 99.2%

6. [FREQUENCY] Repeated txns to same target > 103
   Pattern: REPETITIVE BEHAVIOR
   Suspicious Rate: 99.1%

7. [NETWORK] Total connections > 10
   Pattern: HUB / CENTRAL NODE
   Suspicious Rate: 99.1%

8. [NETWORK] Sends to > 6 unique recipients
   Pattern: STRUCTURING / LAYERING
   Suspicious Rate: 99.1%

9. [AMOUNT] Avg transaction > $22,363
   Pattern: Large average transaction size
   Suspicious Rate: 99.0%

10. [AMOUNT] Transaction std > $281
   Pattern: High variance in amounts (inconsistent behavior)
   Suspicious Rate: 99.0%

11. [NETWORK] Receives from > 5 unique senders
   Pattern: COLLECTION / AGGREGATION
   Suspicious Rate: 99.0%

Rules saved to: /home/adnoman/projects/aml_gan/AMLend2end/output/aml_rules.json

================================================================================
 KEY OBSERVATIONS & FINDINGS
================================================================================

AMOUNT PATTERNS:
----------------
- Suspicious nodes tend to have HIGHER total transaction volumes
- Large individual transactions (max amounts) are red flags
- High variance in transaction sizes indicates inconsistent behavior

NETWORK PATTERNS:
-----------------
- High fan-out (sending to many unique recipients) = potential STRUCTURING
- High fan-in (receiving from many sources) = potential COLLECTION point
- Highly connected nodes (hubs) often facilitate money movement
- One-way flow (mostly in OR out) differs from normal account behavior

FREQUENCY PATTERNS:
-------------------
- High transaction counts indicate unusual activity levels
- Repeated transactions to same counterparty = potential structuring
- High velocity (many transactions in short time) = rapid movement

RECOMMENDED MONITORING THRESHOLDS:
----------------------------------

  - Total Volume Alert:        > $139,261
  - Single Transaction Alert:  > $2,479
  - Fan-out Alert:             > 7 unique recipients
  - Transaction Count Alert:   > 253 transactions
  - Repeat Transaction Alert:  > 103 to same target

================================================================================
 PATTERN ANALYSIS COMPLETE
================================================================================
--------------------------------------------------
Execution completed successfully
