Executing 1_create_feature_groups.ipynb with papermill
Parameters: {
  "run_id": "130b4b0c-059c-4a33-880b-6e04c41ce18c",
  "artifacts_dir": "/home/adnoman/projects/aml_gan/AMLend2end/artifacts/runs/130b4b0c-059c-4a33-880b-6e04c41ce18c",
  "sample_size": null,
  "epochs": null,
  "threshold": null
}
Timeout: 1800s
--------------------------------------------------
WARNING: Using incubator modules: jdk.incubator.vector
Using Spark's default log4j profile: org/apache/spark/log4j2-defaults.properties
26/02/02 16:20:02 WARN Utils: Your hostname, destan-do, resolves to a loopback address: 127.0.1.1; using 10.255.255.254 instead (on interface lo)
26/02/02 16:20:02 WARN Utils: Set SPARK_LOCAL_IP if you need to bind to another address
Using Spark's default log4j profile: org/apache/spark/log4j2-defaults.properties
Setting default log level to "WARN".
To adjust logging level use sc.setLogLevel(newLevel). For SparkR, use setLogLevel(newLevel).
26/02/02 16:20:04 WARN NativeCodeLoader: Unable to load native-hadoop library for your platform... using builtin-java classes where applicable
Spark version: 4.1.1
Data path: /home/adnoman/projects/aml_gan/AMLend2end/demodata
+-------+----------------+--------+-------------------+--------+--------+
|tran_id|         tx_type|base_amt|     tran_timestamp|     src|     dst|
+-------+----------------+--------+-------------------+--------+--------+
|    496| TRANSFER-FanOut|  858.77|2020-01-01 05:00:00|3aa9646b|1e46e726|
|   1342| TRANSFER-Mutual|  386.86|2020-01-01 05:00:00|49203bc3|a74d1101|
|   1580| TRANSFER-FanOut|  616.43|2020-01-02 05:00:00|616d4505|99af2455|
|   2866| TRANSFER-FanOut|  146.44|2020-01-02 05:00:00|39be1ea2|e7ec7bdb|
|   3997| TRANSFER-Mutual|  439.09|2020-01-03 05:00:00|e2e0d938|afc399a9|
|   5518| TRANSFER-FanOut|   361.0|2020-01-04 05:00:00|75c9a805|d7a317f6|
|   7340| TRANSFER-Mutual|  768.98|2020-01-06 05:00:00|c14f4989|733a496b|
|   9376| TRANSFER-FanOut|   943.4|2020-01-07 05:00:00|576eb672|aa49b0eb|
|  10362|TRANSFER-Forward|   668.3|2020-01-08 05:00:00|847a9cf6|b070a6bb|
|  10817| TRANSFER-FanOut|  139.84|2020-01-08 05:00:00|12a388ff|586377aa|
|  11317| TRANSFER-Mutual|  499.47|2020-01-08 05:00:00|b36f9c84|1b467848|
|  11748|TRANSFER-Forward|  357.96|2020-01-09 05:00:00|362e42e0|385afb8b|
|  13285|TRANSFER-Forward|   630.9|2020-01-10 05:00:00|572014da|acd60eca|
|  14832| TRANSFER-Mutual|  685.07|2020-01-11 05:00:00|5ff2d9a7|31976e38|
|  15619| TRANSFER-FanOut|  964.81|2020-01-11 05:00:00|24bf603c|fcf3bbf3|
|  16574|TRANSFER-Forward|  919.76|2020-01-12 05:00:00|9a118f8d|ca0967a6|
|  18944| TRANSFER-FanOut|  302.26|2020-01-14 05:00:00|65b8a85f|bc0de3c7|
|  19204|TRANSFER-Forward|  637.18|2020-01-14 05:00:00|d7a317f6|31db9495|
|  19530| TRANSFER-Mutual|  630.43|2020-01-14 05:00:00|95aac0c4|3a63a8fc|
|  20382| TRANSFER-Mutual|  374.73|2020-01-15 05:00:00|5411dc34|f388cc0f|
+-------+----------------+--------+-------------------+--------+--------+
only showing top 20 rows
+--------+--------+--------------+-------+-------+--------+
|  source|  target|tran_timestamp|tran_id|tx_type|base_amt|
+--------+--------+--------------+-------+-------+--------+
|3aa9646b|1e46e726|        Jan-01|    496|      4|  858.77|
|49203bc3|a74d1101|        Jan-01|   1342|      4|  386.86|
|616d4505|99af2455|        Jan-02|   1580|      4|  616.43|
|39be1ea2|e7ec7bdb|        Jan-02|   2866|      4|  146.44|
|e2e0d938|afc399a9|        Jan-03|   3997|      4|  439.09|
|75c9a805|d7a317f6|        Jan-04|   5518|      4|   361.0|
|c14f4989|733a496b|        Jan-06|   7340|      4|  768.98|
|576eb672|aa49b0eb|        Jan-07|   9376|      4|   943.4|
|847a9cf6|b070a6bb|        Jan-08|  10362|      4|   668.3|
|12a388ff|586377aa|        Jan-08|  10817|      4|  139.84|
|b36f9c84|1b467848|        Jan-08|  11317|      4|  499.47|
|362e42e0|385afb8b|        Jan-09|  11748|      4|  357.96|
|572014da|acd60eca|        Jan-10|  13285|      4|   630.9|
|5ff2d9a7|31976e38|        Jan-11|  14832|      4|  685.07|
|24bf603c|fcf3bbf3|        Jan-11|  15619|      4|  964.81|
|9a118f8d|ca0967a6|        Jan-12|  16574|      4|  919.76|
|65b8a85f|bc0de3c7|        Jan-14|  18944|      4|  302.26|
|d7a317f6|31db9495|        Jan-14|  19204|      4|  637.18|
|95aac0c4|3a63a8fc|        Jan-14|  19530|      4|  630.43|
|5411dc34|f388cc0f|        Jan-15|  20382|      4|  374.73|
+--------+--------+--------------+-------+-------+--------+
only showing top 20 rows
+--------+--------------+------+-------+
|alert_id|    alert_type|is_sar|tran_id|
+--------+--------------+------+-------+
|      47|gather_scatter|  true|  11873|
|      47|gather_scatter|  true|  11874|
|      47|gather_scatter|  true|  11875|
|      47|gather_scatter|  true|  13151|
|      47|gather_scatter|  true|  23148|
|      17|scatter_gather|  true|  23779|
|      17|scatter_gather|  true|  23780|
|      17|scatter_gather|  true|  26441|
|      17|scatter_gather|  true|  26442|
|      47|gather_scatter|  true|  28329|
|      47|gather_scatter|  true|  31581|
|      47|gather_scatter|  true|  34310|
|      17|scatter_gather|  true|  34433|
|      58|gather_scatter|  true|  36131|
|      17|scatter_gather|  true|  36563|
|      17|scatter_gather|  true|  41430|
|      17|scatter_gather|  true|  42363|
|      58|gather_scatter|  true|  42511|
|      58|gather_scatter|  true|  44370|
|      58|gather_scatter|  true|  46176|
+--------+--------------+------+-------+
only showing top 20 rows
+--------+--------------+------+-------+
|alert_id|    alert_type|is_sar|tran_id|
+--------+--------------+------+-------+
|      47|gather_scatter|     1|  11873|
|      47|gather_scatter|     1|  11874|
|      47|gather_scatter|     1|  11875|
|      47|gather_scatter|     1|  13151|
|      47|gather_scatter|     1|  23148|
|      17|scatter_gather|     1|  23779|
|      17|scatter_gather|     1|  23780|
|      17|scatter_gather|     1|  26441|
|      17|scatter_gather|     1|  26442|
|      47|gather_scatter|     1|  28329|
|      47|gather_scatter|     1|  31581|
|      47|gather_scatter|     1|  34310|
|      17|scatter_gather|     1|  34433|
|      58|gather_scatter|     1|  36131|
|      17|scatter_gather|     1|  36563|
|      17|scatter_gather|     1|  41430|
|      17|scatter_gather|     1|  42363|
|      58|gather_scatter|     1|  42511|
|      58|gather_scatter|     1|  44370|
|      58|gather_scatter|     1|  46176|
+--------+--------------+------+-------+
only showing top 20 rows
+--------+------------+
| partyId|   partyType|
+--------+------------+
|5628bd6c|Organization|
|a1fcba39|Organization|
|f56c9501|  Individual|
|9969afdd|Organization|
|b356eeae|  Individual|
|3406706a|Organization|
|26c56102|Organization|
|e386ebf7|  Individual|
|8c094b0d|  Individual|
|939235aa|  Individual|
|de6bf2a5|Organization|
|33a8ff5b|Organization|
|a32807a1|  Individual|
|2906ef08|Organization|
|c2a01b8d|  Individual|
|5a99160f|  Individual|
|8b9017b8|Organization|
|fcf3bbf3|  Individual|
|5132aa4d|Organization|
|68b90958|  Individual|
+--------+------------+
only showing top 20 rows
+--------+----+
|      id|type|
+--------+----+
|5628bd6c|   0|
|a1fcba39|   0|
|f56c9501|   1|
|9969afdd|   0|
|b356eeae|   1|
|3406706a|   0|
|26c56102|   0|
|e386ebf7|   1|
|8c094b0d|   1|
|939235aa|   1|
|de6bf2a5|   0|
|33a8ff5b|   0|
|a32807a1|   1|
|2906ef08|   0|
|c2a01b8d|   1|
|5a99160f|   1|
|8b9017b8|   0|
|fcf3bbf3|   1|
|5132aa4d|   0|
|68b90958|   1|
+--------+----+
only showing top 20 rows
Skipping Hopsworks Feature Store connection (not available locally)
Skipping rule definitions (requires Hopsworks)
Skipping IS_POSITIVE rule (requires Hopsworks)
Skipping expectation creation (requires Hopsworks)
[Stage 12:>                                                         (0 + 8) / 8][Stage 12:=============================>                            (4 + 4) / 8]                                                                                Saved transactions feature group to /home/adnoman/projects/aml_gan/AMLend2end/output/transactions_fg.parquet
Saved alert_transactions feature group to /home/adnoman/projects/aml_gan/AMLend2end/output/alert_transactions_fg.parquet
Saved party feature group to /home/adnoman/projects/aml_gan/AMLend2end/output/party_fg.parquet

✓ All feature groups saved locally as parquet files!
Spark session stopped - resources freed
--------------------------------------------------
Execution completed successfully
