Executing 4_compute_node_embeddings.ipynb with papermill
Parameters: {
  "run_id": "130b4b0c-059c-4a33-880b-6e04c41ce18c",
  "artifacts_dir": "/home/adnoman/projects/aml_gan/AMLend2end/artifacts/runs/130b4b0c-059c-4a33-880b-6e04c41ce18c",
  "sample_size": null,
  "epochs": null,
  "threshold": null
}
Timeout: 1800s
--------------------------------------------------
Training data path: /home/adnoman/projects/aml_gan/AMLend2end/training_data
Models will be saved to: /home/adnoman/projects/aml_gan/AMLend2end/models
Loaded best hyperparameters: {'walk_number': 2, 'walk_length': 2, 'emb_size': 32}
Loading training data...
Nodes: 7347, Edges: 438386, Alert nodes: 7347

Building NetworkX directed graph...
Graph: 7347 nodes, 17070 edges
Training Node2Vec with: walk_number=2, walk_length=2, emb_size=32
Generating walks (CPU: 1):   0%|          | 0/1 [00:00<?, ?it/s]Generating walks (CPU: 1): 100%|██████████| 1/1 [00:00<00:00, 71.12it/s]
Generating walks (CPU: 2):   0%|          | 0/1 [00:00<?, ?it/s]Generating walks (CPU: 2): 100%|██████████| 1/1 [00:00<00:00, 79.60it/s]
Generating walks (CPU: 3): 0it [00:00, ?it/s]Generating walks (CPU: 3): 0it [00:00, ?it/s]
Generating walks (CPU: 4): 0it [00:00, ?it/s]Generating walks (CPU: 4): 0it [00:00, ?it/s]

Training Word2Vec on random walks...
Training complete!
Extracting node embeddings...
Generated embeddings for 7347 nodes

Embeddings shape: (7347, 33)
Evaluating embeddings quality...
Evaluation dataset: 7347 nodes

Embedding Evaluation Accuracy: 0.8891
Saved Node2Vec model to: /home/adnoman/projects/aml_gan/AMLend2end/models/node_embeddings_e2366de4/node2vec_model.model
Saved classifier to: /home/adnoman/projects/aml_gan/AMLend2end/models/node_embeddings_e2366de4/classifier.joblib
Saved embeddings to: /home/adnoman/projects/aml_gan/AMLend2end/models/node_embeddings_e2366de4/node_embeddings.csv
Saved metadata to: /home/adnoman/projects/aml_gan/AMLend2end/models/node_embeddings_e2366de4/metadata.json

Also saved embeddings to: /home/adnoman/projects/aml_gan/AMLend2end/training_data/node_embeddings.csv

==================================================
Model saved to: /home/adnoman/projects/aml_gan/AMLend2end/models/node_embeddings_e2366de4
Accuracy: 0.8891
==================================================
--------------------------------------------------
Execution completed successfully
