Executing 9_aml_model_server.ipynb with papermill
Parameters: {
  "run_id": "130b4b0c-059c-4a33-880b-6e04c41ce18c",
  "artifacts_dir": "/home/adnoman/projects/aml_gan/AMLend2end/artifacts/runs/130b4b0c-059c-4a33-880b-6e04c41ce18c",
  "sample_size": null,
  "epochs": null,
  "threshold": null
}
Timeout: 1800s
--------------------------------------------------
2026-02-02 16:21:18.140566: I tensorflow/core/util/port.cc:153] oneDNN custom operations are on. You may see slightly different numerical results due to floating-point round-off errors from different computation orders. To turn them off, set the environment variable `TF_ENABLE_ONEDNN_OPTS=0`.
2026-02-02 16:21:18.176355: I tensorflow/core/platform/cpu_feature_guard.cc:210] This TensorFlow binary is optimized to use available CPU instructions in performance-critical operations.
To enable the following instructions: AVX2 AVX_VNNI FMA, in other operations, rebuild TensorFlow with the appropriate compiler flags.
2026-02-02 16:21:18.956296: I tensorflow/core/util/port.cc:153] oneDNN custom operations are on. You may see slightly different numerical results due to floating-point round-off errors from different computation orders. To turn them off, set the environment variable `TF_ENABLE_ONEDNN_OPTS=0`.
TensorFlow version: 2.20.0
Found model: /home/adnoman/projects/aml_gan/AMLend2end/models/gan_anomaly_5f5ae592
WARNING: All log messages before absl::InitializeLog() is called are written to STDERR
I0000 00:00:1770031279.712927   95124 gpu_device.cc:2020] Created device /job:localhost/replica:0/task:0/device:GPU:0 with 9511 MB memory:  -> device: 0, name: NVIDIA GeForce RTX 4080 Laptop GPU, pci bus id: 0000:01:00.0, compute capability: 8.9
Loaded model from: /home/adnoman/projects/aml_gan/AMLend2end/models/gan_anomaly_5f5ae592/anomaly_detector.keras
Anomaly threshold: 0.000152
Model metrics: {'auc': 0.511297575648469, 'optimal_threshold': 0.0001518621790494993, 'final_loss': 0.0002759908966254443}
Hyperparameters: {'latent_dim': 8, 'n_layers': 2, 'activation': 'relu', 'dropout_rate': 0.0, 'learning_rate': 0.0001}
Loaded 7347 node embeddings
Embedding dimensions: 32
Sample node IDs: ['3aa9646b', '1e46e726', '49203bc3', 'a74d1101', '616d4505', '99af2455', '39be1ea2', 'e7ec7bdb', 'e2e0d938', 'afc399a9', '75c9a805', 'd7a317f6', 'c14f4989']
Running anomaly detection on sample nodes...
============================================================
2026-02-02 16:21:20.597139: I external/local_xla/xla/service/service.cc:163] XLA service 0x75dae8016510 initialized for platform CUDA (this does not guarantee that XLA will be used). Devices:
2026-02-02 16:21:20.597162: I external/local_xla/xla/service/service.cc:171]   StreamExecutor device (0): NVIDIA GeForce RTX 4080 Laptop GPU, Compute Capability 8.9
2026-02-02 16:21:20.601344: I tensorflow/compiler/mlir/tensorflow/utils/dump_mlir_util.cc:269] disabling MLIR crash reproducer, set env var `MLIR_CRASH_REPRODUCER_DIRECTORY` to enable.
2026-02-02 16:21:20.620284: I external/local_xla/xla/stream_executor/cuda/cuda_dnn.cc:473] Loaded cuDNN version 91801
I0000 00:00:1770031280.755572   95278 device_compiler.h:196] Compiled cluster using XLA!  This line is logged at most once for the lifetime of the process.
🚨 ALERT | Node: 3aa9646b | Score: 0.000264 | POTENTIAL SAR
🚨 ALERT | Node: 1e46e726 | Score: 0.000210 | POTENTIAL SAR
🚨 ALERT | Node: 49203bc3 | Score: 0.000363 | POTENTIAL SAR
🚨 ALERT | Node: a74d1101 | Score: 0.000200 | POTENTIAL SAR
🚨 ALERT | Node: 616d4505 | Score: 0.000276 | POTENTIAL SAR
🚨 ALERT | Node: 99af2455 | Score: 0.000255 | POTENTIAL SAR
🚨 ALERT | Node: 39be1ea2 | Score: 0.000348 | POTENTIAL SAR
🚨 ALERT | Node: e7ec7bdb | Score: 0.000218 | POTENTIAL SAR
🚨 ALERT | Node: e2e0d938 | Score: 0.000176 | POTENTIAL SAR
🚨 ALERT | Node: afc399a9 | Score: 0.000231 | POTENTIAL SAR
🚨 ALERT | Node: 75c9a805 | Score: 0.000249 | POTENTIAL SAR
🚨 ALERT | Node: d7a317f6 | Score: 0.000215 | POTENTIAL SAR
🚨 ALERT | Node: c14f4989 | Score: 0.000324 | POTENTIAL SAR
============================================================

Running on all nodes...

Total nodes: 7347
Anomalies detected: 7304
Normal nodes: 43

Top 10 Most Anomalous Nodes:
      id  is_sar  anomaly_score  is_anomaly
4b39d278       0       0.000475        True
4b5b8c4d       0       0.000450        True
abc254ca       0       0.000443        True
1ee92071       0       0.000442        True
28635253       0       0.000441        True
bd909974       0       0.000437        True
ada20247       0       0.000437        True
0f117894       0       0.000435        True
38caf6b6       0       0.000435        True
f2dce2c6       0       0.000432        True

==================================================
Anomaly Detection Complete!
==================================================
--------------------------------------------------
Execution completed successfully
